// Jest Snapshot v1, https://goo.gl/fbAQLP

exports[`Task List render properly 1`] = `
<div
  className="task-list"
>
  <h2
    className="task-list--title"
  >
    TASK LIST
  </h2>
  <Connect(Droppable)
    direction="vertical"
    getContainerForClone={[Function]}
    ignoreContainerClipping={false}
    isCombineEnabled={false}
    isDropDisabled={false}
    mode="standard"
    renderClone={null}
    type="DEFAULT"
  >
    <Component />
  </Connect(Droppable)>
</div>
`;
